[debug] [2026-08-14T13:32:03.736Z] ----------------------------------------------------------------------
[debug] [2026-08-14T13:32:03.740Z] Command:       C:\Program Files\nodejs\node.exe C:\Users\ashut\AppData\Roaming\npm\node_modules\firebase-tools\lib\bin\firebase.js projects:list
[debug] [2026-08-14T13:32:03.741Z] CLI Version:   15.26.0
[debug] [2026-08-14T13:32:03.741Z] Platform:      win32
[debug] [2026-08-14T13:32:03.741Z] Node Version:  v22.14.0
[debug] [2026-08-14T13:32:03.741Z] Detected Agent: antigravity
[debug] [2026-08-14T13:32:03.741Z] Time:          Fri Aug 14 2026 19:02:03 GMT+0530 (India Standard Time)
[debug] [2026-08-14T13:32:03.741Z] ----------------------------------------------------------------------
[debug] 
[debug] [2026-08-14T13:32:04.008Z] > command requires scopes: ["email","openid","https://www.googleapis.com/auth/cloudplatformprojects.readonly","https://www.googleapis.com/auth/firebase","https://www.googleapis.com/auth/cloud-platform"]
[debug] [2026-08-14T13:32:04.008Z] > authorizing via signed-in user (ashutoshmanchare16@gmail.com)
[debug] [2026-08-14T13:32:04.024Z] Checked if tokens are valid: true, expires at: 1786716209360
[debug] [2026-08-14T13:32:04.024Z] Checked if tokens are valid: true, expires at: 1786716209360
[debug] [2026-08-14T13:32:04.026Z] >>> [apiv2][query] GET https://firebase.googleapis.com/v1beta1/projects pageSize=1000
[debug] [2026-08-14T13:32:04.220Z] *** [apiv2] error from fetch(https://firebase.googleapis.com/v1beta1/projects?pageSize=1000, {"headers":{},"method":"GET","signal":{}}): Error: unable to verify the first certificate
[debug] [2026-08-14T13:32:04.221Z] Failed to make request to https://firebase.googleapis.com/v1beta1/projects?pageSize=1000
[debug] [2026-08-14T13:32:04.356Z] FirebaseError: Failed to make request to https://firebase.googleapis.com/v1beta1/projects?pageSize=1000
    at RetryOperation._fn (C:\Users\ashut\AppData\Roaming\npm\node_modules\firebase-tools\lib\apiv2.js:338:31)
    at process.processTicksAndRejections (node:internal/process/task_queues:105:5)
[error] 
[error] Error: Failed to list Firebase projects. See firebase-debug.log for more info.
